<html>
<body>
<pre>
<h1>礦ision Build Log</h1>
<h2>Tool Versions:</h2>
IDE-Version: μVision V5.37.0.0
Copyright (C) 2022 ARM Ltd and ARM Germany GmbH. All rights reserved.
License Information: 123 1562790, HP Inc., LIC=RC93N-YMSFB-PC8J8-3F168-YKSDC-4KBJV
 
Tool Versions:
Toolchain:       MDK-ARM Plus  Version: 5.37.0.0
Toolchain Path:  C:\Keil_v5\ARM\ARMCC\Bin
C Compiler:      Armcc.exe V5.05 update 1 (build 106)
Assembler:       Armasm.exe V5.05 update 1 (build 106)
Linker/Locator:  ArmLink.exe V5.05 update 1 (build 106)
Library Manager: ArmAr.exe V5.05 update 1 (build 106)
Hex Converter:   FromElf.exe V5.05 update 1 (build 106)
CPU DLL:         SARMCM3.DLL V5.37.0.0
Dialog DLL:      DCM.DLL V1.17.5.0
Target DLL:      UL2CM3.DLL V1.164.7.0
Dialog DLL:      TCM.DLL V1.56.1.0
 
<h2>Project:</h2>
C:\Users\15627\Desktop\Download_project\MDK-ARM\FANKE_FK750M5_V0.uvprojx
Project File Date:  04/16/2024

<h2>Output:</h2>
*** Using Compiler 'V5.05 update 1 (build 106)', folder: 'C:\Keil_v5\ARM\ARMCC\Bin'
Rebuild target 'FK750M5_XBH6_V0'
compiling FlashDev.c...
compiling SystemConfig.c...
compiling system_stm32h7xx.c...
compiling qspi_w25q64.c...
compiling stm32h7xx_hal_gpio.c...
compiling stm32h7xx_hal.c...
compiling stm32h7xx_hal_rcc.c...
compiling stm32h7xx_hal_qspi.c...
compiling stm32h7xx_hal_cortex.c...
compiling FlashPrg.c...
linking...
Program Size: Code=12748 RO-data=4272 RW-data=24 ZI-data=8268  
FromELF: creating hex file...
After Build - User command #1: cmd.exe /C copy ".\Objects\FK750M5_XBH6_V0.axf" "..\FK750M5_XBH6_V0.FLM"
已复制         1 个文件。
".\Objects\FK750M5_XBH6_V0.axf" - 0 Error(s), 0 Warning(s).

<h2>Software Packages used:</h2>

Package Vendor: Keil
                http://www.keil.com/pack/Keil.STM32H7xx_DFP.3.0.0.pack
                Keil.STM32H7xx_DFP.3.0.0
                STMicroelectronics STM32H7 Series Device Support and Examples

<h2>Collection of Component include folders:</h2>
  C:/Keil_v5/ARM/Pack/Keil/STM32H7xx_DFP/3.0.0/Drivers/CMSIS/Device/ST/STM32H7xx/Include

<h2>Collection of Component Files used:</h2>
Build Time Elapsed:  00:00:01
</pre>
</body>
</html>
